[OK ] UnknownNewline
[OK ] UnknownNewline
[OK ] UnknownSpace
[OK ] String Plain "hello string" Plain
[OK ] UnknownNewline
[OK ] UnknownNewline
[OK ] String Plain "hello " Templ
[OK ] Atom (SymAtom "name")
[OK ] String Templ "!" Plain
[OK ] UnknownNewline
[OK ] String Plain "some " Templ
[OK ] Atom (SymAtom "with")
[OK ] UnknownSpace
[OK ] Atom (SymAtom "internal")
[OK ] String Templ " fancy " Templ
[OK ] UnknownSpace
[OK ] Atom (SymAtom "splices")
[OK ] UnknownSpace
[OK ] String Templ " string" Plain
[OK ] UnknownNewline
[OK ] UnknownNewline
[OK ] String Plain "\\\"" Plain
[OK ] UnknownNewline
[OK ] UnknownNewline
[OK ] String Plain "multiline string" Plain
[OK ] UnknownNewline
[OK ] String Plain "one line" Templ
[OK ] UnknownSpace
[OK ] String Plain "" Plain
[OK ] UnknownSpace
[OK ] String Templ "string" Plain
[OK ] UnknownNewline
[OK ] UnknownNewline
[OK ] Atom (SymAtom "hello")
[OK ] UnknownSpace
[OK ] Atom (SymAtom "hello")
[OK ] UnknownNewline
[OK ] UnknownNewline
[OK ] String Plain "hello\nnewline" Plain
[OK ] UnknownNewline
[OK ] UnknownNewline
[OK ] UnknownNewline
[OK ] UnknownSpace
[OK ] UnknownNewline
[OK ] UnknownNewline
[OK ] UnknownSpace
[OK ] Comment
[OK ] UnknownNewline
[OK ] UnknownNewline
[OK ] String Plain "hello\nheredoc\nEND" Plain
[OK ] UnknownNewline
[OK ] UnknownNewline
[OK ] Combiner Open Brack
[OK ] Atom (IntAtom 0)
[OK ] Separator Comma
[OK ] Atom (IntAtom 2)
[OK ] Separator Ellipsis
[OK ] Atom (IntAtom 10)
[OK ] Combiner Close Brack
[OK ] UnknownNewline
[OK ] UnknownNewline
[OK ] Atom (SymAtom "def")
[OK ] UnknownSpace
[OK ] Atom (SymAtom "foo")
[OK ] Combiner Open Paren
[OK ] Atom (SymAtom "a")
[OK ] Separator Comma
[OK ] UnknownSpace
[OK ] Atom (SymAtom "b")
[OK ] Separator Comma
[OK ] UnknownSpace
[OK ] Atom (SymAtom "c")
[OK ] Combiner Close Paren
[OK ] UnknownColon
[OK ] UnknownNewline
[OK ] UnknownSpace
[OK ] Comment
[OK ] UnknownNewline
[OK ] UnknownSpace
[OK ] Atom (SymAtom "let")
[OK ] UnknownSpace
[OK ] Atom (SymAtom "d")
[OK ] UnknownSpace
[OK ] Atom (SymAtom "=")
[OK ] UnknownSpace
[OK ] Atom (SymAtom "a")
[OK ] UnknownSpace
[OK ] Atom (SymAtom "+")
[OK ] UnknownSpace
[OK ] Atom (SymAtom "c")
[OK ] UnknownSpace
[OK ] Comment
[OK ] UnknownNewline
[OK ] UnknownSpace
[OK ] Atom (SymAtom "return")
[OK ] UnknownSpace
[OK ] Atom (SymAtom "a")
[OK ] UnknownDot
[OK ] Atom (SymAtom "thing")
[OK ] UnknownSpace
[OK ] Atom (SymAtom "+")
[OK ] UnknownNewline
[OK ] UnknownSpace
[OK ] Atom (SymAtom "d")
[OK ] UnknownSpace
[OK ] UnknownNewline
[OK ] UnknownNewline
[OK ] UnknownSpace
[OK ] UnknownNewline
[OK ] UnknownSpace
[OK ] Comment
[OK ] UnknownNewline
[OK ] UnknownSpace
[OK ] UnknownNewline
[OK ] UnknownNewline
[OK ] Atom (SymAtom "top")
[OK ] UnknownSpace
[OK ] UnknownColon
[OK ] UnknownNewline
[OK ] UnknownSpace
[OK ] Atom (SymAtom "indent")
[OK ] UnknownSpace
[OK ] Atom (IntAtom 1)
[OK ] UnknownNewline
[OK ] UnknownSpace
[OK ] Atom (SymAtom "indent")
[OK ] UnknownSpace
[OK ] Atom (IntAtom 2)
[OK ] UnknownSpace
[OK ] UnknownColon
[OK ] UnknownNewline
[OK ] UnknownSpace
[OK ] Atom (SymAtom "nested")
[OK ] UnknownSpace
[OK ] Atom (IntAtom 1)
[OK ] UnknownNewline
[OK ] UnknownSpace
[OK ] Atom (SymAtom "nested")
[OK ] UnknownSpace
[OK ] Atom (IntAtom 2)
[OK ] UnknownNewline
[OK ] UnknownNewline
[OK ] Combiner Open Brace
[OK ] UnknownSpace
[OK ] Atom (SymAtom "some")
[OK ] UnknownColon
[OK ] UnknownSpace
[OK ] Atom (SymAtom "dict")
[OK ] UnknownSpace
[OK ] Combiner Close Brace
[OK ] UnknownNewline
[OK ] UnknownNewline
[OK ] Atom (SymAtom "some")
[OK ] UnknownSpace
[OK ] UnknownDot
[OK ] UnknownSpace
[OK ] Atom (SymAtom "dots")
[OK ] UnknownSpace
[OK ] UnknownDot
[OK ] Combiner Open Paren
[OK ] Atom (SymAtom "here")
[OK ] Combiner Close Paren
[OK ] UnknownSpace
[OK ] Atom (SymAtom "yo")
[OK ] UnknownDot
[OK ] UnknownSpace
[OK ] Atom (SymAtom "yo")
[OK ] UnknownDot
[OK ] Comment
[OK ] UnknownNewline
[OK ] UnknownNewline
[OK ] UnknownSpace
[OK ] Atom (SymAtom "majorWonk")
[OK ] UnknownNewline
[OK ] UnknownNewline
[OK ] Atom (SymAtom "class")
[OK ] UnknownSpace
[OK ] Atom (SymAtom "Thing")
[OK ] UnknownColon
[OK ] UnknownNewline
[OK ] UnknownSpace
[OK ] Atom (SymAtom "def")
[OK ] UnknownSpace
[OK ] Atom (SymAtom "method")
[OK ] UnknownColon
[OK ] UnknownNewline
[OK ] UnknownSpace
[OK ] Atom (SymAtom "body")
[OK ] UnknownNewline
[OK ] UnknownNewline
[OK ] UnknownSpace
[OK ] Atom (SymAtom "def")
[OK ] UnknownSpace
[OK ] Atom (SymAtom "meth")
[OK ] UnknownColon
[OK ] UnknownNewline
[OK ] UnknownSpace
[OK ] Atom (SymAtom "dedbody")
[OK ] UnknownNewline
[OK ] UnknownNewline
[ERR] (TextPos {line = 63, col = 1},Unexpected (TextPos {line = 63, col = 16}) (Just '\n') ["end of string","start of splice"])
[OK ] UnknownNewline
[OK ] Atom (IntAtom 123)
[OK ] Atom (SymAtom "abc")
[OK ] UnknownNewline
[OK ] UnknownSpace
[OK ] Atom (SymAtom "badIndent")
[OK ] UnknownNewline
[OK ] Separator Ellipsis
[OK ] Separator Ellipsis
[OK ] UnknownNewline
[OK ] UnknownNewline
[OK ] Combiner Open Paren
[OK ] UnknownSpace
[OK ] Combiner Open Paren
[OK ] UnknownSpace
[OK ] Combiner Close Paren
[OK ] Combiner Open Paren
[OK ] Combiner Close Paren
[OK ] UnknownSpace
[OK ] Combiner Open Paren
[OK ] Combiner Close Paren
[OK ] Combiner Close Paren
[OK ] UnknownNewline
[OK ] UnknownNewline
[ERR] (TextPos {line = 70, col = 1},Unexpected (TextPos {line = 73, col = 1}) Nothing ["end of heredoc"])
