[ign] UnknownNewline
[ign] UnknownNewline
[ERR] (TextPos {line = 3, col = 1},IllegalIndent)
[OK ] String Plain "hello string" Plain
[OK ] Separator Newline
[ign] UnknownNewline
[ign] UnknownSpace
[OK ] String Plain "hello " Templ
[OK ] Atom (SymAtom "name")
[OK ] String Templ "!" Plain
[OK ] Separator Newline
[ign] UnknownSpace
[OK ] String Plain "some " Templ
[OK ] Atom (SymAtom "with")
[OK ] Separator Space
[OK ] Atom (SymAtom "internal")
[OK ] String Templ " fancy " Templ
[ign] UnknownSpace
[OK ] Atom (SymAtom "splices")
[ign] UnknownSpace
[OK ] String Templ " string" Plain
[OK ] Separator Newline
[ign] UnknownNewline
[ign] UnknownSpace
[OK ] String Plain "\\\"" Plain
[OK ] Separator Newline
[ign] UnknownNewline
[ign] UnknownSpace
[OK ] String Plain "multiline\n string" Plain
[OK ] Separator Newline
[ign] UnknownSpace
[OK ] String Plain "one line" Templ
[ign] UnknownSpace
[OK ] String Plain "" Plain
[ign] UnknownSpace
[OK ] String Templ "string" Plain
[OK ] Separator Newline
[ign] UnknownNewline
[ign] UnknownSpace
[OK ] Atom (SymAtom "hello")
[OK ] Separator Space
[OK ] Atom (SymAtom "hello")
[OK ] Separator Newline
[ign] UnknownNewline
[ign] UnknownSpace
[OK ] String Plain "hello\nnewline" Plain
[OK ] Separator Newline
[ign] UnknownNewline
[ign] UnknownNewline
[ign] UnknownSpace
[ign] UnknownNewline
[ign] UnknownNewline
[ign] UnknownSpace
[ign] Comment
[ign] UnknownNewline
[ign] UnknownNewline
[ign] UnknownSpace
[OK ] String Plain "hello\nheredoc\nEND" Plain
[OK ] Separator Newline
[ign] UnknownNewline
[ign] UnknownSpace
[OK ] Combiner Open Brack
[OK ] Atom (IntAtom 0)
[OK ] Separator Comma
[OK ] Atom (IntAtom 2)
[OK ] Separator Ellipsis
[OK ] Atom (IntAtom 10)
[OK ] Combiner Close Brack
[OK ] Separator Newline
[ign] UnknownNewline
[ign] UnknownSpace
[OK ] Atom (SymAtom "def")
[OK ] Separator Space
[OK ] Atom (SymAtom "foo")
[OK ] Combiner Open Paren
[OK ] Atom (SymAtom "a")
[OK ] Separator Comma
[ign] UnknownSpace
[OK ] Atom (SymAtom "b")
[OK ] Separator Comma
[ign] UnknownSpace
[OK ] Atom (SymAtom "c")
[OK ] Combiner Close Paren
[ign] StartIndent
[ign] UnknownNewline
[ign] UnknownSpace
[ign] Comment
[ign] UnknownNewline
[OK ] Combiner Open Indent
[OK ] Atom (SymAtom "let")
[OK ] Separator Space
[OK ] Atom (SymAtom "d")
[OK ] Separator Space
[OK ] Atom (SymAtom "=")
[OK ] Separator Space
[OK ] Atom (SymAtom "a")
[OK ] Separator Space
[OK ] Atom (SymAtom "+")
[OK ] Separator Space
[OK ] Atom (SymAtom "c")
[ign] UnknownSpace
[ign] Comment
[OK ] Separator Newline
[ign] UnknownSpace
[OK ] Atom (SymAtom "return")
[OK ] Separator Space
[OK ] Atom (SymAtom "a")
[OK ] ChainDot
[OK ] Atom (SymAtom "thing")
[OK ] Separator Space
[OK ] Atom (SymAtom "+")
[ign] UnknownNewline
[ign] UnknownSpace
[OK ] Atom (SymAtom "d")
[ign] UnknownSpace
[ign] UnknownNewline
[ign] UnknownNewline
[ign] UnknownSpace
[ign] UnknownNewline
[ign] UnknownSpace
[ign] Comment
[ign] UnknownNewline
[ign] UnknownSpace
[ign] UnknownNewline
[ign] UnknownNewline
[OK ] Combiner Close Indent
[ign] UnknownSpace
[OK ] Separator Newline
[OK ] Atom (SymAtom "top")
[OK ] Separator Space
[ign] StartIndent
[ign] UnknownNewline
[OK ] Combiner Open Indent
[OK ] Atom (SymAtom "indent")
[OK ] Separator Space
[OK ] Atom (IntAtom 1)
[OK ] Separator Newline
[ign] UnknownSpace
[OK ] Atom (SymAtom "indent")
[OK ] Separator Space
[OK ] Atom (IntAtom 2)
[OK ] Separator Space
[ign] StartIndent
[ign] UnknownNewline
[OK ] Combiner Open Indent
[OK ] Atom (SymAtom "nested")
[OK ] Separator Space
[OK ] Atom (IntAtom 1)
[OK ] Separator Newline
[ign] UnknownSpace
[OK ] Atom (SymAtom "nested")
[OK ] Separator Space
[OK ] Atom (IntAtom 2)
[ign] UnknownNewline
[ign] UnknownNewline
[OK ] Combiner Close Indent
[OK ] Combiner Close Indent
[ign] UnknownSpace
[OK ] Separator Newline
[OK ] Combiner Open Brace
[ign] UnknownSpace
[OK ] Atom (SymAtom "some")
[OK ] Separator Colon
[ign] UnknownSpace
[OK ] Atom (SymAtom "dict")
[ign] UnknownSpace
[OK ] Combiner Close Brace
[OK ] Separator Newline
[ign] UnknownNewline
[ign] UnknownSpace
[OK ] Atom (SymAtom "some")
[ign] UnknownSpace
[OK ] Separator Dot
[ign] UnknownSpace
[OK ] Atom (SymAtom "dots")
[OK ] Separator Space
[OK ] SyntheticDot
[OK ] Combiner Open Paren
[OK ] Atom (SymAtom "here")
[OK ] Combiner Close Paren
[OK ] Separator Space
[OK ] Atom (SymAtom "yo")
[ERR] (TextPos {line = 51, col = 23},IllegalDot)
[OK ] Separator Space
[OK ] Atom (SymAtom "yo")
[ERR] (TextPos {line = 51, col = 27},IllegalDot)
[ign] Comment
[ign] UnknownNewline
[ign] UnknownNewline
[ign] UnknownSpace
[OK ] Atom (SymAtom "majorWonk")
[OK ] Separator Newline
[ign] UnknownNewline
[ign] UnknownSpace
[OK ] Atom (SymAtom "class")
[OK ] Separator Space
[OK ] Atom (SymAtom "Thing")
[ign] StartIndent
[ign] UnknownNewline
[OK ] Combiner Open Indent
[OK ] Atom (SymAtom "def")
[OK ] Separator Space
[OK ] Atom (SymAtom "method")
[ign] StartIndent
[ign] UnknownNewline
[OK ] Combiner Open Indent
[OK ] Atom (SymAtom "body")
[ign] UnknownNewline
[ign] UnknownNewline
[OK ] Combiner Close Indent
[ERR] (TextPos {line = 60, col = 1},IllegalIndent)
[OK ] Separator Newline
[OK ] Atom (SymAtom "def")
[OK ] Separator Space
[OK ] Atom (SymAtom "meth")
[ign] StartIndent
[ign] UnknownNewline
[OK ] Combiner Open Indent
[OK ] Atom (SymAtom "dedbody")
[ign] UnknownNewline
[ign] UnknownNewline
[OK ] Combiner Close Indent
[OK ] Combiner Close Indent
[ign] UnknownSpace
[OK ] Separator Newline
[ERR] (TextPos {line = 63, col = 1},Unexpected (TextPos {line = 63, col = 16}) (Just '\n') ["end of string","start of splice"])
[OK ] Separator Newline
[ign] UnknownSpace
[ERR] (TextPos {line = 64, col = 1},CrammedTokens (TextPos {line = 64, col = 4}) "abc")
[ign] UnknownNewline
[ERR] (TextPos {line = 65, col = 1},MixedIndent (TextPos {line = 65, col = 3}) '\t')
[OK ] Atom (SymAtom "badIndent")
[OK ] Separator Newline
[ign] UnknownSpace
[ERR] (TextPos {line = 66, col = 1},CrammedTokens (TextPos {line = 66, col = 3}) "..")
[OK ] Separator Newline
[ign] UnknownNewline
[ign] UnknownSpace
[OK ] Combiner Open Paren
[ign] UnknownSpace
[OK ] Combiner Open Paren
[ign] UnknownSpace
[OK ] Combiner Close Paren
[OK ] Combiner Open Paren
[OK ] Combiner Close Paren
[OK ] Separator Space
[OK ] Combiner Open Paren
[OK ] Combiner Close Paren
[OK ] Combiner Close Paren
[OK ] Separator Newline
[ign] UnknownNewline
[ign] UnknownSpace
[ERR] (TextPos {line = 70, col = 1},Unexpected (TextPos {line = 73, col = 1}) Nothing ["end of heredoc"])
